// Jest Snapshot v1, https://goo.gl/fbAQLP

exports[`renders correctly 1`] = `
<View
  style={
    Object {
      "alignItems": "center",
      "flex": 1,
      "justifyContent": "center",
    }
  }
>
  <Text
    style={
      Object {
        "color": "#484848",
        "fontSize": 18,
        "fontWeight": "500",
        "letterSpacing": 0.8,
      }
    }
  >
    Data not found!
  </Text>
</View>
`;
