// Jest Snapshot v1, https://goo.gl/fbAQLP

exports[`<Header /> renders correctly 1`] = `
<RCTSafeAreaView
  style={
    Object {
      "alignItems": "center",
      "flexDirection": "row",
      "justifyContent": "space-between",
    }
  }
  testID="home-header-id"
>
  <Image
    source={
      Object {
        "testUri": "../../../src/asset/icons/spritely_logo.png",
      }
    }
    style={
      Object {
        "resizeMode": "contain",
        "width": 110,
      }
    }
  />
  <View
    accessible={true}
    collapsable={false}
    focusable={false}
    onClick={[Function]}
    onResponderGrant={[Function]}
    onResponderMove={[Function]}
    onResponderRelease={[Function]}
    onResponderTerminate={[Function]}
    onResponderTerminationRequest={[Function]}
    onStartShouldSetResponder={[Function]}
    style={
      Object {
        "alignItems": "center",
        "backgroundColor": "#ffffff",
        "borderRadius": 25,
        "elevation": 5,
        "height": 50,
        "justifyContent": "center",
        "opacity": 1,
        "shadowColor": "#000000",
        "shadowOffset": Object {
          "height": 0,
          "width": 0,
        },
        "shadowOpacity": 0.3,
        "shadowRadius": 10,
        "width": 50,
      }
    }
    testID="notification-button-id"
  >
    <View>
      <Text
        allowFontScaling={false}
        selectable={false}
        style={
          Array [
            Object {
              "color": "#003A67",
              "fontSize": 30,
            },
            undefined,
            Object {
              "fontFamily": "Material Design Icons",
              "fontStyle": "normal",
              "fontWeight": "normal",
            },
            Object {},
          ]
        }
      >
        󰂚
      </Text>
    </View>
  </View>
</RCTSafeAreaView>
`;

exports[`renders correctly 1`] = `
<RCTSafeAreaView
  style={
    Object {
      "alignItems": "center",
      "flexDirection": "row",
      "justifyContent": "space-between",
    }
  }
  testID="home-header-id"
>
  <Image
    source={
      Object {
        "testUri": "../../../src/asset/icons/spritely_logo.png",
      }
    }
    style={
      Object {
        "resizeMode": "contain",
        "width": 110,
      }
    }
  />
  <View
    accessible={true}
    collapsable={false}
    focusable={false}
    onClick={[Function]}
    onResponderGrant={[Function]}
    onResponderMove={[Function]}
    onResponderRelease={[Function]}
    onResponderTerminate={[Function]}
    onResponderTerminationRequest={[Function]}
    onStartShouldSetResponder={[Function]}
    style={
      Object {
        "alignItems": "center",
        "backgroundColor": "#ffffff",
        "borderRadius": 25,
        "elevation": 5,
        "height": 50,
        "justifyContent": "center",
        "opacity": 1,
        "shadowColor": "#000000",
        "shadowOffset": Object {
          "height": 0,
          "width": 0,
        },
        "shadowOpacity": 0.3,
        "shadowRadius": 10,
        "width": 50,
      }
    }
    testID="notification-button-id"
  >
    <View>
      <Text
        allowFontScaling={false}
        selectable={false}
        style={
          Array [
            Object {
              "color": "#003A67",
              "fontSize": 30,
            },
            undefined,
            Object {
              "fontFamily": "Material Design Icons",
              "fontStyle": "normal",
              "fontWeight": "normal",
            },
            Object {},
          ]
        }
      >
        󰂚
      </Text>
    </View>
  </View>
</RCTSafeAreaView>
`;
