// Jest Snapshot v1, https://goo.gl/fbAQLP

exports[`<HomeScreen /> renders home screen correctly 1`] = `
<LinearGradient
  colors={
    [
      "#003A67",
      "#759FC0",
    ]
  }
  end={
    {
      "x": 0.9,
      "y": 0.4,
    }
  }
  start={
    {
      "x": 0.2,
      "y": 0.1,
    }
  }
  style={
    {
      "flex": 1,
    }
  }
>
  <View
    style={
      {
        "marginHorizontal": 30,
      }
    }
  >
    <RCTSafeAreaView
      style={
        {
          "alignItems": "center",
          "flexDirection": "row",
          "justifyContent": "space-between",
        }
      }
      testID="home-header-id"
    >
      <Image
        source={
          {
            "testUri": "../../../src/asset/icons/spritely_logo.png",
          }
        }
        style={
          {
            "resizeMode": "contain",
            "width": 110,
          }
        }
      />
      <View
        accessible={true}
        collapsable={false}
        focusable={false}
        onClick={[Function]}
        onResponderGrant={[Function]}
        onResponderMove={[Function]}
        onResponderRelease={[Function]}
        onResponderTerminate={[Function]}
        onResponderTerminationRequest={[Function]}
        onStartShouldSetResponder={[Function]}
        style={
          {
            "alignItems": "center",
            "backgroundColor": "#ffffff",
            "borderRadius": 25,
            "elevation": 5,
            "height": 50,
            "justifyContent": "center",
            "opacity": 1,
            "shadowColor": "#000000",
            "shadowOffset": {
              "height": 0,
              "width": 0,
            },
            "shadowOpacity": 0.3,
            "shadowRadius": 10,
            "width": 50,
          }
        }
        testID="notification-button-id"
      >
        <View>
          <MaterialCommunityIcons
            color="#003A67"
            name="bell"
            size={30}
          />
          <View
            style={
              {
                "alignItems": "center",
                "backgroundColor": "#C36165",
                "borderRadius": 10,
                "height": 17,
                "justifyContent": "center",
                "position": "absolute",
                "right": 0,
                "width": 17,
              }
            }
            testID="notification-count-id"
          >
            <Text
              style={
                {
                  "color": "#ffffff",
                  "fontSize": 11,
                  "fontWeight": "bold",
                }
              }
            >
              3
            </Text>
          </View>
        </View>
      </View>
    </RCTSafeAreaView>
    <Text
      style={
        {
          "color": "#ffffff",
          "fontSize": 23,
          "fontWeight": "bold",
          "letterSpacing": 0.7,
          "marginVertical": 10,
        }
      }
    >
      Good Morning
      , 
      Gloria
    </Text>
    <View
      style={
        {
          "alignItems": "center",
          "flexDirection": "row",
          "marginBottom": 25,
        }
      }
    >
      <Text
        allowFontScaling={false}
        selectable={false}
        style={
          [
            {
              "color": "#FFCD0C",
              "fontSize": 30,
            },
            undefined,
            {
              "fontFamily": "Ionicons",
              "fontStyle": "normal",
              "fontWeight": "normal",
            },
            {},
          ]
        }
      >
        
      </Text>
      <Text
        style={
          {
            "color": "#ffffff",
            "fontSize": 17,
            "fontWeight": "500",
            "letterSpacing": 0.7,
            "marginLeft": 10,
          }
        }
      >
        18
        °C/
        3
        °C
      </Text>
    </View>
    <View
      accessible={true}
      collapsable={false}
      focusable={false}
      onClick={[Function]}
      onResponderGrant={[Function]}
      onResponderMove={[Function]}
      onResponderRelease={[Function]}
      onResponderTerminate={[Function]}
      onResponderTerminationRequest={[Function]}
      onStartShouldSetResponder={[Function]}
      style={
        {
          "alignItems": "center",
          "backgroundColor": "#ffffff",
          "borderRadius": 8,
          "flexDirection": "row",
          "marginBottom": 20,
          "opacity": 1,
          "paddingLeft": 15,
          "paddingVertical": 12,
        }
      }
    >
      <View>
        <MaterialCommunityIcons
          color="#003A67"
          name="bell"
          size={30}
        />
        <View
          style={
            {
              "alignItems": "center",
              "backgroundColor": "#C36165",
              "borderRadius": 10,
              "height": 17,
              "justifyContent": "center",
              "position": "absolute",
              "right": 0,
              "width": 17,
            }
          }
        >
          <Text
            style={
              {
                "color": "#ffffff",
                "fontSize": 11,
                "fontWeight": "bold",
              }
            }
          >
            3
          </Text>
        </View>
      </View>
      <Text
        style={
          {
            "flex": 1,
            "fontSize": 16,
            "fontWeight": "500",
            "letterSpacing": 0.4,
            "paddingHorizontal": 10,
          }
        }
      >
        3
         unread notifications
      </Text>
      <View
        accessible={true}
        collapsable={false}
        focusable={false}
        onClick={[Function]}
        onResponderGrant={[Function]}
        onResponderMove={[Function]}
        onResponderRelease={[Function]}
        onResponderTerminate={[Function]}
        onResponderTerminationRequest={[Function]}
        onStartShouldSetResponder={[Function]}
        style={
          {
            "opacity": 1,
            "paddingHorizontal": 12,
          }
        }
      >
        <MaterialCommunityIcons
          color="#003A67"
          name="window-close"
          size={25}
        />
      </View>
    </View>
  </View>
  <View
    style={
      {
        "backgroundColor": "#ffffff",
        "borderTopLeftRadius": 35,
        "borderTopRightRadius": 35,
        "elevation": 5,
        "flex": 1,
        "shadowColor": "#000000",
        "shadowOffset": {
          "height": 0,
          "width": 0,
        },
        "shadowOpacity": 0.3,
        "shadowRadius": 10,
      }
    }
  >
    <RCTScrollView
      ListEmptyComponent={<ListEmptyComponent />}
      contentContainerStyle={
        {
          "borderTopLeftRadius": 35,
          "borderTopRightRadius": 35,
          "flexGrow": 1,
          "paddingHorizontal": 30,
          "paddingTop": 30,
        }
      }
      data={
        [
          "noticeboard",
          "activities",
          "calendar",
          "maintenance",
          "settings",
        ]
      }
      getItem={[Function]}
      getItemCount={[Function]}
      keyExtractor={[Function]}
      onContentSizeChange={[Function]}
      onLayout={[Function]}
      onMomentumScrollBegin={[Function]}
      onMomentumScrollEnd={[Function]}
      onScroll={[Function]}
      onScrollBeginDrag={[Function]}
      onScrollEndDrag={[Function]}
      removeClippedSubviews={false}
      renderItem={[Function]}
      scrollEventThrottle={50}
      stickyHeaderIndices={[]}
      viewabilityConfigCallbackPairs={[]}
    >
      <View>
        <View
          onLayout={[Function]}
          style={null}
        >
          <View
            accessible={true}
            collapsable={false}
            focusable={true}
            onClick={[Function]}
            onResponderGrant={[Function]}
            onResponderMove={[Function]}
            onResponderRelease={[Function]}
            onResponderTerminate={[Function]}
            onResponderTerminationRequest={[Function]}
            onStartShouldSetResponder={[Function]}
            style={
              {
                "alignItems": "center",
                "backgroundColor": "#ffffff",
                "borderRadius": 8,
                "elevation": 5,
                "flexDirection": "row",
                "marginBottom": 20,
                "opacity": 1,
                "shadowColor": "#000000",
                "shadowOffset": {
                  "height": 0,
                  "width": 0,
                },
                "shadowOpacity": 0.3,
                "shadowRadius": 6,
              }
            }
            testID="features-item-id"
          >
            <LinearGradient
              colors={
                [
                  "#6962C3",
                  "#8E88D8",
                ]
              }
              style={
                {
                  "alignItems": "center",
                  "borderBottomLeftRadius": 8,
                  "borderTopLeftRadius": 8,
                  "height": 60,
                  "justifyContent": "center",
                  "width": 45,
                }
              }
              testID="noticeboard"
            >
              <Text
                allowFontScaling={false}
                selectable={false}
                style={
                  [
                    {
                      "color": "#ffffff",
                      "fontSize": 30,
                    },
                    undefined,
                    {
                      "fontFamily": "Ionicons",
                      "fontStyle": "normal",
                      "fontWeight": "normal",
                    },
                    {},
                  ]
                }
              >
                
              </Text>
            </LinearGradient>
            <Text
              style={
                {
                  "color": "#484848",
                  "fontSize": 20,
                  "fontWeight": "bold",
                  "letterSpacing": 0.8,
                  "paddingHorizontal": 20,
                }
              }
            >
              Noticeboard
            </Text>
          </View>
        </View>
        <View
          onLayout={[Function]}
          style={null}
        >
          <View
            accessible={true}
            collapsable={false}
            focusable={true}
            onClick={[Function]}
            onResponderGrant={[Function]}
            onResponderMove={[Function]}
            onResponderRelease={[Function]}
            onResponderTerminate={[Function]}
            onResponderTerminationRequest={[Function]}
            onStartShouldSetResponder={[Function]}
            style={
              {
                "alignItems": "center",
                "backgroundColor": "#ffffff",
                "borderRadius": 8,
                "elevation": 5,
                "flexDirection": "row",
                "marginBottom": 20,
                "opacity": 1,
                "shadowColor": "#000000",
                "shadowOffset": {
                  "height": 0,
                  "width": 0,
                },
                "shadowOpacity": 0.3,
                "shadowRadius": 6,
              }
            }
            testID="features-item-id"
          >
            <LinearGradient
              colors={
                [
                  "#62C36F",
                  "#87D893",
                ]
              }
              style={
                {
                  "alignItems": "center",
                  "borderBottomLeftRadius": 8,
                  "borderTopLeftRadius": 8,
                  "height": 60,
                  "justifyContent": "center",
                  "width": 45,
                }
              }
              testID="activities"
            >
              <Text
                allowFontScaling={false}
                selectable={false}
                style={
                  [
                    {
                      "color": "#ffffff",
                      "fontSize": 30,
                    },
                    undefined,
                    {
                      "fontFamily": "Material Icons",
                      "fontStyle": "normal",
                      "fontWeight": "normal",
                    },
                    {},
                  ]
                }
              >
                
              </Text>
            </LinearGradient>
            <Text
              style={
                {
                  "color": "#484848",
                  "fontSize": 20,
                  "fontWeight": "bold",
                  "letterSpacing": 0.8,
                  "paddingHorizontal": 20,
                }
              }
            >
              Activities
            </Text>
          </View>
        </View>
        <View
          onLayout={[Function]}
          style={null}
        >
          <View
            accessible={true}
            collapsable={false}
            focusable={true}
            onClick={[Function]}
            onResponderGrant={[Function]}
            onResponderMove={[Function]}
            onResponderRelease={[Function]}
            onResponderTerminate={[Function]}
            onResponderTerminationRequest={[Function]}
            onStartShouldSetResponder={[Function]}
            style={
              {
                "alignItems": "center",
                "backgroundColor": "#ffffff",
                "borderRadius": 8,
                "elevation": 5,
                "flexDirection": "row",
                "marginBottom": 20,
                "opacity": 1,
                "shadowColor": "#000000",
                "shadowOffset": {
                  "height": 0,
                  "width": 0,
                },
                "shadowOpacity": 0.3,
                "shadowRadius": 6,
              }
            }
            testID="features-item-id"
          >
            <LinearGradient
              colors={
                [
                  "#62C3B4",
                  "#88D9CC",
                ]
              }
              style={
                {
                  "alignItems": "center",
                  "borderBottomLeftRadius": 8,
                  "borderTopLeftRadius": 8,
                  "height": 60,
                  "justifyContent": "center",
                  "width": 45,
                }
              }
              testID="calendar"
            >
              <Text
                allowFontScaling={false}
                selectable={false}
                style={
                  [
                    {
                      "color": "#ffffff",
                      "fontSize": 30,
                    },
                    undefined,
                    {
                      "fontFamily": "Material Icons",
                      "fontStyle": "normal",
                      "fontWeight": "normal",
                    },
                    {},
                  ]
                }
              >
                
              </Text>
            </LinearGradient>
            <Text
              style={
                {
                  "color": "#484848",
                  "fontSize": 20,
                  "fontWeight": "bold",
                  "letterSpacing": 0.8,
                  "paddingHorizontal": 20,
                }
              }
            >
              Calendar
            </Text>
          </View>
        </View>
        <View
          onLayout={[Function]}
          style={null}
        >
          <View
            accessible={true}
            collapsable={false}
            focusable={true}
            onClick={[Function]}
            onResponderGrant={[Function]}
            onResponderMove={[Function]}
            onResponderRelease={[Function]}
            onResponderTerminate={[Function]}
            onResponderTerminationRequest={[Function]}
            onStartShouldSetResponder={[Function]}
            style={
              {
                "alignItems": "center",
                "backgroundColor": "#ffffff",
                "borderRadius": 8,
                "elevation": 5,
                "flexDirection": "row",
                "marginBottom": 20,
                "opacity": 1,
                "shadowColor": "#000000",
                "shadowOffset": {
                  "height": 0,
                  "width": 0,
                },
                "shadowOpacity": 0.3,
                "shadowRadius": 6,
              }
            }
            testID="features-item-id"
          >
            <LinearGradient
              colors={
                [
                  "#C39661",
                  "#C39661",
                ]
              }
              style={
                {
                  "alignItems": "center",
                  "borderBottomLeftRadius": 8,
                  "borderTopLeftRadius": 8,
                  "height": 60,
                  "justifyContent": "center",
                  "width": 45,
                }
              }
              testID="maintenance"
            >
              <Text
                allowFontScaling={false}
                selectable={false}
                style={
                  [
                    {
                      "color": "#ffffff",
                      "fontSize": 30,
                    },
                    undefined,
                    {
                      "fontFamily": "Ionicons",
                      "fontStyle": "normal",
                      "fontWeight": "normal",
                    },
                    {},
                  ]
                }
              >
                
              </Text>
            </LinearGradient>
            <Text
              style={
                {
                  "color": "#484848",
                  "fontSize": 20,
                  "fontWeight": "bold",
                  "letterSpacing": 0.8,
                  "paddingHorizontal": 20,
                }
              }
            >
              Maintenance
            </Text>
          </View>
        </View>
        <View
          onLayout={[Function]}
          style={null}
        >
          <View
            accessible={true}
            collapsable={false}
            focusable={true}
            onClick={[Function]}
            onResponderGrant={[Function]}
            onResponderMove={[Function]}
            onResponderRelease={[Function]}
            onResponderTerminate={[Function]}
            onResponderTerminationRequest={[Function]}
            onStartShouldSetResponder={[Function]}
            style={
              {
                "alignItems": "center",
                "backgroundColor": "#ffffff",
                "borderRadius": 8,
                "elevation": 5,
                "flexDirection": "row",
                "marginBottom": 20,
                "opacity": 1,
                "shadowColor": "#000000",
                "shadowOffset": {
                  "height": 0,
                  "width": 0,
                },
                "shadowOpacity": 0.3,
                "shadowRadius": 6,
              }
            }
            testID="features-item-id"
          >
            <LinearGradient
              colors={
                [
                  "#C36165",
                  "#D88789",
                ]
              }
              style={
                {
                  "alignItems": "center",
                  "borderBottomLeftRadius": 8,
                  "borderTopLeftRadius": 8,
                  "height": 60,
                  "justifyContent": "center",
                  "width": 45,
                }
              }
              testID="settings"
            >
              <Text
                allowFontScaling={false}
                selectable={false}
                style={
                  [
                    {
                      "color": "#ffffff",
                      "fontSize": 30,
                    },
                    undefined,
                    {
                      "fontFamily": "Ionicons",
                      "fontStyle": "normal",
                      "fontWeight": "normal",
                    },
                    {},
                  ]
                }
              >
                
              </Text>
            </LinearGradient>
            <Text
              style={
                {
                  "color": "#484848",
                  "fontSize": 20,
                  "fontWeight": "bold",
                  "letterSpacing": 0.8,
                  "paddingHorizontal": 20,
                }
              }
            >
              Settings
            </Text>
          </View>
        </View>
      </View>
    </RCTScrollView>
  </View>
</LinearGradient>
`;
